  Determining projects to restore...
  All projects are up-to-date for restore.
  Shared -> D:\Users\Franc\Documents\SHARD NEXUS\Shared\bin\Debug\net9.0\Shared.dll
D:\Users\Franc\Documents\SHARD NEXUS\Server\GameLogic\LobbyManager.cs(83,66): error CS0117: 'MessageType' does not contain a definition for 'StartRound' [D:\Users\Franc\Documents\SHARD NEXUS\Server\Server.csproj]

Build FAILED.

D:\Users\Franc\Documents\SHARD NEXUS\Server\GameLogic\LobbyManager.cs(83,66): error CS0117: 'MessageType' does not contain a definition for 'StartRound' [D:\Users\Franc\Documents\SHARD NEXUS\Server\Server.csproj]
    0 Warning(s)
    1 Error(s)

Time Elapsed 00:00:01.60
