  Determining projects to restore...
  All projects are up-to-date for restore.
  Shared -> D:\Users\Franc\Documents\SHARD NEXUS\Shared\bin\Debug\net9.0\Shared.dll
  Server -> D:\Users\Franc\Documents\SHARD NEXUS\Server\bin\Debug\net10.0\Server.dll

Build succeeded.
    0 Warning(s)
    0 Error(s)

Time Elapsed 00:00:01.77

